Component: Arm Compiler for Embedded 6.19 Tool: armlink [5e73cb00]

==============================================================================

Section Cross References

    port.o(.text.os_initTaskStack) refers to port.o(.text.TaskExitError) for TaskExitError
    port.o(.ARM.exidx.text.os_initTaskStack) refers to port.o(.text.os_initTaskStack) for [Anonymous Symbol]
    port.o(.ARM.exidx.text.TaskExitError) refers to port.o(.text.TaskExitError) for [Anonymous Symbol]
    port.o(.text.os_startScheduler) refers to systick.o(.text.os_setupTimer) for os_setupTimer
    port.o(.text.os_startScheduler) refers to port.o(.data.CriticalNesting) for CriticalNesting
    port.o(.text.os_startScheduler) refers to intr.o(.text) for Start_OS
    port.o(.ARM.exidx.text.os_startScheduler) refers to port.o(.text.os_startScheduler) for [Anonymous Symbol]
    port.o(.ARM.exidx.text.SetBASEPRI) refers to port.o(.text.SetBASEPRI) for [Anonymous Symbol]
    port.o(.ARM.exidx.text.RaiseBASEPRI) refers to port.o(.text.RaiseBASEPRI) for [Anonymous Symbol]
    port.o(.ARM.exidx.text.ClearBASEPRIFromISR) refers to port.o(.text.ClearBASEPRIFromISR) for [Anonymous Symbol]
    port.o(.ARM.exidx.text.RaiseBASEPRIReturn) refers to port.o(.text.RaiseBASEPRIReturn) for [Anonymous Symbol]
    port.o(.text.os_enterCritical) refers to port.o(.data.CriticalNesting) for CriticalNesting
    port.o(.ARM.exidx.text.os_enterCritical) refers to port.o(.text.os_enterCritical) for [Anonymous Symbol]
    port.o(.text.os_exitCritical) refers to port.o(.data.CriticalNesting) for CriticalNesting
    port.o(.ARM.exidx.text.os_exitCritical) refers to port.o(.text.os_exitCritical) for [Anonymous Symbol]
    systick.o(.ARM.exidx.text.os_setupTimer) refers to systick.o(.text.os_setupTimer) for [Anonymous Symbol]
    systick.o(.text.SysTick_Handler) refers to port.o(.text.RaiseBASEPRI) for RaiseBASEPRI
    systick.o(.text.SysTick_Handler) refers to task.o(.text.os_taskIncrementTick) for os_taskIncrementTick
    systick.o(.text.SysTick_Handler) refers to port.o(.text.ClearBASEPRIFromISR) for ClearBASEPRIFromISR
    systick.o(.ARM.exidx.text.SysTick_Handler) refers to systick.o(.text.SysTick_Handler) for [Anonymous Symbol]
    stm32f10_init.o(.ARM.exidx.text.SystemInit) refers to stm32f10_init.o(.text.SystemInit) for [Anonymous Symbol]
    stm32f10_serial.o(.ARM.exidx.text.USART_Init) refers to stm32f10_serial.o(.text.USART_Init) for [Anonymous Symbol]
    stm32f10_serial.o(.ARM.exidx.text.USART_Transmit) refers to stm32f10_serial.o(.text.USART_Transmit) for [Anonymous Symbol]
    startup.o(RESET) refers to startup.o(STACK) for __initial_sp
    startup.o(RESET) refers to startup.o(.text) for Reset_Handler
    startup.o(RESET) refers to intr.o(.text) for SVC_Handler
    startup.o(RESET) refers to systick.o(.text.SysTick_Handler) for SysTick_Handler
    startup.o(.text) refers to stm32f10_init.o(.text.SystemInit) for SystemInit
    startup.o(.text) refers to entry.o(.ARM.Collect$$$$00000000) for __main
    intr.o(.text) refers to task.o(.text.os_switchContext) for os_switchContext
    intr.o(.text) refers to task.o(.bss.os_currentTCB) for os_currentTCB
    task.o(.text.os_create_task) refers to mem.o(.text.os_malloc) for os_malloc
    task.o(.text.os_create_task) refers to mem.o(.text.os_free) for os_free
    task.o(.text.os_create_task) refers to port.o(.text.os_initTaskStack) for os_initTaskStack
    task.o(.text.os_create_task) refers to port.o(.text.os_enterCritical) for os_enterCritical
    task.o(.text.os_create_task) refers to task.o(.bss.os_currentNumberOfTasks) for os_currentNumberOfTasks
    task.o(.text.os_create_task) refers to task.o(.bss.os_currentTCB) for os_currentTCB
    task.o(.text.os_create_task) refers to task.o(.bss.os_schedulerRunning) for os_schedulerRunning
    task.o(.text.os_create_task) refers to task.o(.bss.os_priorityBitmap) for os_priorityBitmap
    task.o(.text.os_create_task) refers to task.o(.bss.os_readyTasksLists) for os_readyTasksLists
    task.o(.text.os_create_task) refers to port.o(.text.os_exitCritical) for os_exitCritical
    task.o(.ARM.exidx.text.os_create_task) refers to task.o(.text.os_create_task) for [Anonymous Symbol]
    task.o(.text.os_addTaskToReadyList) refers to task.o(.bss.os_priorityBitmap) for os_priorityBitmap
    task.o(.text.os_addTaskToReadyList) refers to task.o(.bss.os_readyTasksLists) for os_readyTasksLists
    task.o(.ARM.exidx.text.os_addTaskToReadyList) refers to task.o(.text.os_addTaskToReadyList) for [Anonymous Symbol]
    task.o(.ARM.exidx.text.os_taskListRemove) refers to task.o(.text.os_taskListRemove) for [Anonymous Symbol]
    task.o(.ARM.exidx.text.os_listInsertEnd) refers to task.o(.text.os_listInsertEnd) for [Anonymous Symbol]
    task.o(.ARM.exidx.text.os_listInsertByDelay) refers to task.o(.text.os_listInsertByDelay) for [Anonymous Symbol]
    task.o(.text.os_taskStartScheduler) refers to task.o(.bss.IdleTaskHandle) for IdleTaskHandle
    task.o(.text.os_taskStartScheduler) refers to task.o(.text.IdleTask) for IdleTask
    task.o(.text.os_taskStartScheduler) refers to task.o(.text.os_create_task) for os_create_task
    task.o(.text.os_taskStartScheduler) refers to port.o(.text.RaiseBASEPRI) for RaiseBASEPRI
    task.o(.text.os_taskStartScheduler) refers to task.o(.bss.os_nextTaskUnblockTime) for os_nextTaskUnblockTime
    task.o(.text.os_taskStartScheduler) refers to task.o(.bss.os_schedulerRunning) for os_schedulerRunning
    task.o(.text.os_taskStartScheduler) refers to task.o(.bss.os_tickCount) for os_tickCount
    task.o(.text.os_taskStartScheduler) refers to port.o(.text.os_startScheduler) for os_startScheduler
    task.o(.ARM.exidx.text.os_taskStartScheduler) refers to task.o(.text.os_taskStartScheduler) for [Anonymous Symbol]
    task.o(.ARM.exidx.text.IdleTask) refers to task.o(.text.IdleTask) for [Anonymous Symbol]
    task.o(.text.os_taskIncrementTick) refers to task.o(.bss.os_schedulerSuspended) for os_schedulerSuspended
    task.o(.text.os_taskIncrementTick) refers to task.o(.bss.os_pendedTicks) for os_pendedTicks
    task.o(.text.os_taskIncrementTick) refers to task.o(.bss.os_tickCount) for os_tickCount
    task.o(.text.os_taskIncrementTick) refers to task.o(.bss.os_nextTaskUnblockTime) for os_nextTaskUnblockTime
    task.o(.text.os_taskIncrementTick) refers to task.o(.data.os_ptrDelayTaskList) for os_ptrDelayTaskList
    task.o(.text.os_taskIncrementTick) refers to task.o(.data.os_ptrOverflowDelayTaskList) for os_ptrOverflowDelayTaskList
    task.o(.text.os_taskIncrementTick) refers to task.o(.bss.os_numOfOverflows) for os_numOfOverflows
    task.o(.text.os_taskIncrementTick) refers to task.o(.bss.os_currentTCB) for os_currentTCB
    task.o(.text.os_taskIncrementTick) refers to task.o(.bss.os_priorityBitmap) for os_priorityBitmap
    task.o(.text.os_taskIncrementTick) refers to task.o(.bss.os_readyTasksLists) for os_readyTasksLists
    task.o(.text.os_taskIncrementTick) refers to task.o(.bss.os_yieldPending) for os_yieldPending
    task.o(.ARM.exidx.text.os_taskIncrementTick) refers to task.o(.text.os_taskIncrementTick) for [Anonymous Symbol]
    task.o(.text.os_switchContext) refers to task.o(.bss.os_schedulerSuspended) for os_schedulerSuspended
    task.o(.text.os_switchContext) refers to task.o(.bss.os_yieldPending) for os_yieldPending
    task.o(.text.os_switchContext) refers to task.o(.bss.os_priorityBitmap) for os_priorityBitmap
    task.o(.text.os_switchContext) refers to task.o(.bss.os_readyTasksLists) for os_readyTasksLists
    task.o(.text.os_switchContext) refers to task.o(.bss.os_currentTCB) for os_currentTCB
    task.o(.ARM.exidx.text.os_switchContext) refers to task.o(.text.os_switchContext) for [Anonymous Symbol]
    task.o(.text.os_suspendAllTask) refers to task.o(.bss.os_schedulerSuspended) for os_schedulerSuspended
    task.o(.ARM.exidx.text.os_suspendAllTask) refers to task.o(.text.os_suspendAllTask) for [Anonymous Symbol]
    task.o(.text.os_resumeAllTask) refers to port.o(.text.os_enterCritical) for os_enterCritical
    task.o(.text.os_resumeAllTask) refers to task.o(.bss.os_schedulerSuspended) for os_schedulerSuspended
    task.o(.text.os_resumeAllTask) refers to port.o(.text.os_exitCritical) for os_exitCritical
    task.o(.text.os_resumeAllTask) refers to task.o(.bss.os_currentNumberOfTasks) for os_currentNumberOfTasks
    task.o(.text.os_resumeAllTask) refers to task.o(.bss.os_pendingReadyList) for os_pendingReadyList
    task.o(.text.os_resumeAllTask) refers to task.o(.bss.os_yieldPending) for os_yieldPending
    task.o(.text.os_resumeAllTask) refers to task.o(.bss.os_currentTCB) for os_currentTCB
    task.o(.text.os_resumeAllTask) refers to task.o(.bss.os_priorityBitmap) for os_priorityBitmap
    task.o(.text.os_resumeAllTask) refers to task.o(.bss.os_readyTasksLists) for os_readyTasksLists
    task.o(.text.os_resumeAllTask) refers to task.o(.data.os_ptrDelayTaskList) for os_ptrDelayTaskList
    task.o(.text.os_resumeAllTask) refers to task.o(.bss.os_nextTaskUnblockTime) for os_nextTaskUnblockTime
    task.o(.text.os_resumeAllTask) refers to task.o(.bss.os_pendedTicks) for os_pendedTicks
    task.o(.text.os_resumeAllTask) refers to task.o(.text.os_taskIncrementTick) for os_taskIncrementTick
    task.o(.ARM.exidx.text.os_resumeAllTask) refers to task.o(.text.os_resumeAllTask) for [Anonymous Symbol]
    task.o(.text.os_delay) refers to task.o(.bss.os_schedulerSuspended) for os_schedulerSuspended
    task.o(.text.os_delay) refers to task.o(.text.os_addCurrentTaskToDelayedList) for os_addCurrentTaskToDelayedList
    task.o(.text.os_delay) refers to task.o(.text.os_resumeAllTask) for os_resumeAllTask
    task.o(.ARM.exidx.text.os_delay) refers to task.o(.text.os_delay) for [Anonymous Symbol]
    task.o(.text.os_addCurrentTaskToDelayedList) refers to task.o(.bss.os_tickCount) for os_tickCount
    task.o(.text.os_addCurrentTaskToDelayedList) refers to task.o(.bss.os_currentTCB) for os_currentTCB
    task.o(.text.os_addCurrentTaskToDelayedList) refers to task.o(.bss.os_readyTasksLists) for os_readyTasksLists
    task.o(.text.os_addCurrentTaskToDelayedList) refers to task.o(.bss.os_priorityBitmap) for os_priorityBitmap
    task.o(.text.os_addCurrentTaskToDelayedList) refers to task.o(.bss.os_suspendedTaskList) for os_suspendedTaskList
    task.o(.text.os_addCurrentTaskToDelayedList) refers to task.o(.data.os_ptrOverflowDelayTaskList) for os_ptrOverflowDelayTaskList
    task.o(.text.os_addCurrentTaskToDelayedList) refers to task.o(.data.os_ptrDelayTaskList) for os_ptrDelayTaskList
    task.o(.text.os_addCurrentTaskToDelayedList) refers to task.o(.bss.os_nextTaskUnblockTime) for os_nextTaskUnblockTime
    task.o(.ARM.exidx.text.os_addCurrentTaskToDelayedList) refers to task.o(.text.os_addCurrentTaskToDelayedList) for [Anonymous Symbol]
    task.o(.text.os_taskRemoveFromEventList) refers to task.o(.bss.os_schedulerSuspended) for os_schedulerSuspended
    task.o(.text.os_taskRemoveFromEventList) refers to task.o(.bss.os_pendingReadyList) for os_pendingReadyList
    task.o(.text.os_taskRemoveFromEventList) refers to task.o(.bss.os_priorityBitmap) for os_priorityBitmap
    task.o(.text.os_taskRemoveFromEventList) refers to task.o(.bss.os_readyTasksLists) for os_readyTasksLists
    task.o(.text.os_taskRemoveFromEventList) refers to task.o(.bss.os_currentTCB) for os_currentTCB
    task.o(.text.os_taskRemoveFromEventList) refers to task.o(.bss.os_yieldPending) for os_yieldPending
    task.o(.ARM.exidx.text.os_taskRemoveFromEventList) refers to task.o(.text.os_taskRemoveFromEventList) for [Anonymous Symbol]
    task.o(.text.os_taskSetTimeOutState) refers to task.o(.bss.os_numOfOverflows) for os_numOfOverflows
    task.o(.text.os_taskSetTimeOutState) refers to task.o(.bss.os_tickCount) for os_tickCount
    task.o(.ARM.exidx.text.os_taskSetTimeOutState) refers to task.o(.text.os_taskSetTimeOutState) for [Anonymous Symbol]
    task.o(.text.os_taskCheckForTimeOut) refers to port.o(.text.os_enterCritical) for os_enterCritical
    task.o(.text.os_taskCheckForTimeOut) refers to task.o(.bss.os_tickCount) for os_tickCount
    task.o(.text.os_taskCheckForTimeOut) refers to task.o(.bss.os_numOfOverflows) for os_numOfOverflows
    task.o(.text.os_taskCheckForTimeOut) refers to port.o(.text.os_exitCritical) for os_exitCritical
    task.o(.ARM.exidx.text.os_taskCheckForTimeOut) refers to task.o(.text.os_taskCheckForTimeOut) for [Anonymous Symbol]
    task.o(.text.os_setTrigger) refers to task.o(.bss.os_yieldPending) for os_yieldPending
    task.o(.ARM.exidx.text.os_setTrigger) refers to task.o(.text.os_setTrigger) for [Anonymous Symbol]
    task.o(.text.os_taskPlaceOnEventList) refers to task.o(.bss.os_currentTCB) for os_currentTCB
    task.o(.text.os_taskPlaceOnEventList) refers to task.o(.text.os_addCurrentTaskToDelayedList) for os_addCurrentTaskToDelayedList
    task.o(.ARM.exidx.text.os_taskPlaceOnEventList) refers to task.o(.text.os_taskPlaceOnEventList) for [Anonymous Symbol]
    task.o(.data.os_ptrDelayTaskList) refers to task.o(.bss.os_delayTaskList1) for [Anonymous Symbol]
    task.o(.data.os_ptrOverflowDelayTaskList) refers to task.o(.bss.os_delayTaskList2) for [Anonymous Symbol]
    mem.o(.text.os_malloc) refers to task.o(.text.os_suspendAllTask) for os_suspendAllTask
    mem.o(.text.os_malloc) refers to mem.o(.bss.b_end) for b_end
    mem.o(.text.os_malloc) refers to mem.o(.bss.b_BlockAllocatedBit) for b_BlockAllocatedBit
    mem.o(.text.os_malloc) refers to mem.o(.bss.os_mem) for os_mem
    mem.o(.text.os_malloc) refers to mem.o(.bss.b_start) for b_start
    mem.o(.text.os_malloc) refers to mem.o(.bss.b_MinimumEverFreeBytesRemaining) for b_MinimumEverFreeBytesRemaining
    mem.o(.text.os_malloc) refers to mem.o(.bss.b_FreeBytesRemaining) for b_FreeBytesRemaining
    mem.o(.text.os_malloc) refers to task.o(.text.os_resumeAllTask) for os_resumeAllTask
    mem.o(.ARM.exidx.text.os_malloc) refers to mem.o(.text.os_malloc) for [Anonymous Symbol]
    mem.o(.text.os_free) refers to mem.o(.bss.b_BlockAllocatedBit) for b_BlockAllocatedBit
    mem.o(.text.os_free) refers to task.o(.text.os_suspendAllTask) for os_suspendAllTask
    mem.o(.text.os_free) refers to mem.o(.bss.b_FreeBytesRemaining) for b_FreeBytesRemaining
    mem.o(.text.os_free) refers to mem.o(.bss.b_start) for b_start
    mem.o(.text.os_free) refers to mem.o(.bss.b_end) for b_end
    mem.o(.text.os_free) refers to task.o(.text.os_resumeAllTask) for os_resumeAllTask
    mem.o(.ARM.exidx.text.os_free) refers to mem.o(.text.os_free) for [Anonymous Symbol]
    mqueue.o(.text.mQueueReset) refers to port.o(.text.os_enterCritical) for os_enterCritical
    mqueue.o(.text.mQueueReset) refers to task.o(.text.os_taskRemoveFromEventList) for os_taskRemoveFromEventList
    mqueue.o(.text.mQueueReset) refers to port.o(.text.os_exitCritical) for os_exitCritical
    mqueue.o(.ARM.exidx.text.mQueueReset) refers to mqueue.o(.text.mQueueReset) for [Anonymous Symbol]
    mqueue.o(.text.mQueueCreate) refers to mem.o(.text.os_malloc) for os_malloc
    mqueue.o(.text.mQueueCreate) refers to port.o(.text.os_enterCritical) for os_enterCritical
    mqueue.o(.text.mQueueCreate) refers to port.o(.text.os_exitCritical) for os_exitCritical
    mqueue.o(.ARM.exidx.text.mQueueCreate) refers to mqueue.o(.text.mQueueCreate) for [Anonymous Symbol]
    mqueue.o(.text.mQueueSend) refers to port.o(.text.os_enterCritical) for os_enterCritical
    mqueue.o(.text.mQueueSend) refers to task.o(.text.os_taskSetTimeOutState) for os_taskSetTimeOutState
    mqueue.o(.text.mQueueSend) refers to port.o(.text.os_exitCritical) for os_exitCritical
    mqueue.o(.text.mQueueSend) refers to task.o(.text.os_suspendAllTask) for os_suspendAllTask
    mqueue.o(.text.mQueueSend) refers to task.o(.text.os_taskCheckForTimeOut) for os_taskCheckForTimeOut
    mqueue.o(.text.mQueueSend) refers to task.o(.text.os_taskPlaceOnEventList) for os_taskPlaceOnEventList
    mqueue.o(.text.mQueueSend) refers to mqueue.o(.text.UnlockQueue) for UnlockQueue
    mqueue.o(.text.mQueueSend) refers to task.o(.text.os_resumeAllTask) for os_resumeAllTask
    mqueue.o(.text.mQueueSend) refers to memcpya.o(.text) for __aeabi_memcpy
    mqueue.o(.text.mQueueSend) refers to task.o(.text.os_taskRemoveFromEventList) for os_taskRemoveFromEventList
    mqueue.o(.ARM.exidx.text.mQueueSend) refers to mqueue.o(.text.mQueueSend) for [Anonymous Symbol]
    mqueue.o(.text.UnlockQueue) refers to port.o(.text.os_enterCritical) for os_enterCritical
    mqueue.o(.text.UnlockQueue) refers to task.o(.text.os_taskRemoveFromEventList) for os_taskRemoveFromEventList
    mqueue.o(.text.UnlockQueue) refers to task.o(.text.os_setTrigger) for os_setTrigger
    mqueue.o(.text.UnlockQueue) refers to port.o(.text.os_exitCritical) for os_exitCritical
    mqueue.o(.ARM.exidx.text.UnlockQueue) refers to mqueue.o(.text.UnlockQueue) for [Anonymous Symbol]
    mqueue.o(.text.xQueueGenericReceive) refers to mqueue.o(.text.UnlockQueue) for UnlockQueue
    mqueue.o(.text.xQueueGenericReceive) refers to task.o(.text.os_resumeAllTask) for os_resumeAllTask
    mqueue.o(.text.xQueueGenericReceive) refers to port.o(.text.os_enterCritical) for os_enterCritical
    mqueue.o(.text.xQueueGenericReceive) refers to port.o(.text.os_exitCritical) for os_exitCritical
    mqueue.o(.text.xQueueGenericReceive) refers to memcpya.o(.text) for __aeabi_memcpy
    mqueue.o(.text.xQueueGenericReceive) refers to task.o(.text.os_taskRemoveFromEventList) for os_taskRemoveFromEventList
    mqueue.o(.text.xQueueGenericReceive) refers to task.o(.text.os_taskSetTimeOutState) for os_taskSetTimeOutState
    mqueue.o(.text.xQueueGenericReceive) refers to task.o(.text.os_suspendAllTask) for os_suspendAllTask
    mqueue.o(.text.xQueueGenericReceive) refers to task.o(.text.os_taskCheckForTimeOut) for os_taskCheckForTimeOut
    mqueue.o(.text.xQueueGenericReceive) refers to task.o(.text.os_taskPlaceOnEventList) for os_taskPlaceOnEventList
    mqueue.o(.ARM.exidx.text.xQueueGenericReceive) refers to mqueue.o(.text.xQueueGenericReceive) for [Anonymous Symbol]
    mqueue.o(.text.mQueueDelete) refers to mem.o(.text.os_free) for os_free
    mqueue.o(.ARM.exidx.text.mQueueDelete) refers to mqueue.o(.text.mQueueDelete) for [Anonymous Symbol]
    main.o(.ARM.exidx.text.GPIO_Init) refers to main.o(.text.GPIO_Init) for [Anonymous Symbol]
    main.o(.ARM.exidx.text.GPIO_Toggle) refers to main.o(.text.GPIO_Toggle) for [Anonymous Symbol]
    main.o(.text.Task1_Entry) refers to task.o(.text.os_delay) for os_delay
    main.o(.ARM.exidx.text.Task1_Entry) refers to main.o(.text.Task1_Entry) for [Anonymous Symbol]
    main.o(.text.Task2_Entry) refers to task.o(.text.os_delay) for os_delay
    main.o(.ARM.exidx.text.Task2_Entry) refers to main.o(.text.Task2_Entry) for [Anonymous Symbol]
    main.o(.text.main) refers to main.o(.bss.Task1_Handle) for Task1_Handle
    main.o(.text.main) refers to main.o(.text.Task1_Entry) for Task1_Entry
    main.o(.text.main) refers to task.o(.text.os_create_task) for os_create_task
    main.o(.text.main) refers to main.o(.bss.Task2_Handle) for Task2_Handle
    main.o(.text.main) refers to main.o(.text.Task2_Entry) for Task2_Entry
    main.o(.text.main) refers to task.o(.text.os_taskStartScheduler) for os_taskStartScheduler
    main.o(.ARM.exidx.text.main) refers to main.o(.text.main) for [Anonymous Symbol]
    entry.o(.ARM.Collect$$$$00000000) refers (Special) to entry10a.o(.ARM.Collect$$$$0000000D) for __rt_final_cpp
    entry.o(.ARM.Collect$$$$00000000) refers (Special) to entry11a.o(.ARM.Collect$$$$0000000F) for __rt_final_exit
    entry.o(.ARM.Collect$$$$00000000) refers (Special) to entry7b.o(.ARM.Collect$$$$00000008) for _main_clock
    entry.o(.ARM.Collect$$$$00000000) refers (Special) to entry8b.o(.ARM.Collect$$$$0000000A) for _main_cpp_init
    entry.o(.ARM.Collect$$$$00000000) refers (Special) to entry9a.o(.ARM.Collect$$$$0000000B) for _main_init
    entry.o(.ARM.Collect$$$$00000000) refers (Special) to entry5.o(.ARM.Collect$$$$00000004) for _main_scatterload
    entry.o(.ARM.Collect$$$$00000000) refers (Special) to entry2.o(.ARM.Collect$$$$00000001) for _main_stk
    entry2.o(.ARM.Collect$$$$00000001) refers to entry2.o(.ARM.Collect$$$$00002712) for __lit__00000000
    entry2.o(.ARM.Collect$$$$00002712) refers to startup.o(STACK) for __initial_sp
    entry2.o(__vectab_stack_and_reset_area) refers to startup.o(STACK) for __initial_sp
    entry2.o(__vectab_stack_and_reset_area) refers to entry.o(.ARM.Collect$$$$00000000) for __main
    entry5.o(.ARM.Collect$$$$00000004) refers to init.o(.text) for __scatterload
    entry9a.o(.ARM.Collect$$$$0000000B) refers to main.o(.text.main) for main
    entry9b.o(.ARM.Collect$$$$0000000C) refers to main.o(.text.main) for main
    init.o(.text) refers to entry5.o(.ARM.Collect$$$$00000004) for __main_after_scatterload


==============================================================================

Removing Unused input sections from the image.

    Removing port.o(.text), (0 bytes).
    Removing port.o(.ARM.exidx.text.os_initTaskStack), (8 bytes).
    Removing port.o(.ARM.exidx.text.TaskExitError), (8 bytes).
    Removing port.o(.ARM.exidx.text.os_startScheduler), (8 bytes).
    Removing port.o(.text.SetBASEPRI), (6 bytes).
    Removing port.o(.ARM.exidx.text.SetBASEPRI), (8 bytes).
    Removing port.o(.ARM.exidx.text.RaiseBASEPRI), (8 bytes).
    Removing port.o(.ARM.exidx.text.ClearBASEPRIFromISR), (8 bytes).
    Removing port.o(.text.RaiseBASEPRIReturn), (20 bytes).
    Removing port.o(.ARM.exidx.text.RaiseBASEPRIReturn), (8 bytes).
    Removing port.o(.ARM.exidx.text.os_enterCritical), (8 bytes).
    Removing port.o(.ARM.exidx.text.os_exitCritical), (8 bytes).
    Removing systick.o(.text), (0 bytes).
    Removing systick.o(.ARM.exidx.text.os_setupTimer), (8 bytes).
    Removing systick.o(.ARM.exidx.text.SysTick_Handler), (8 bytes).
    Removing stm32f10_init.o(.text), (0 bytes).
    Removing stm32f10_init.o(.ARM.exidx.text.SystemInit), (8 bytes).
    Removing stm32f10_serial.o(.text), (0 bytes).
    Removing stm32f10_serial.o(.text.USART_Init), (78 bytes).
    Removing stm32f10_serial.o(.ARM.exidx.text.USART_Init), (8 bytes).
    Removing stm32f10_serial.o(.text.USART_Transmit), (18 bytes).
    Removing stm32f10_serial.o(.ARM.exidx.text.USART_Transmit), (8 bytes).
    Removing startup.o(HEAP), (0 bytes).
    Removing task.o(.text), (0 bytes).
    Removing task.o(.ARM.exidx.text.os_create_task), (8 bytes).
    Removing task.o(.text.os_addTaskToReadyList), (90 bytes).
    Removing task.o(.ARM.exidx.text.os_addTaskToReadyList), (8 bytes).
    Removing task.o(.text.os_taskListRemove), (62 bytes).
    Removing task.o(.ARM.exidx.text.os_taskListRemove), (8 bytes).
    Removing task.o(.text.os_listInsertEnd), (42 bytes).
    Removing task.o(.ARM.exidx.text.os_listInsertEnd), (8 bytes).
    Removing task.o(.text.os_listInsertByDelay), (106 bytes).
    Removing task.o(.ARM.exidx.text.os_listInsertByDelay), (8 bytes).
    Removing task.o(.ARM.exidx.text.os_taskStartScheduler), (8 bytes).
    Removing task.o(.ARM.exidx.text.IdleTask), (8 bytes).
    Removing task.o(.ARM.exidx.text.os_taskIncrementTick), (8 bytes).
    Removing task.o(.ARM.exidx.text.os_switchContext), (8 bytes).
    Removing task.o(.ARM.exidx.text.os_suspendAllTask), (8 bytes).
    Removing task.o(.ARM.exidx.text.os_resumeAllTask), (8 bytes).
    Removing task.o(.ARM.exidx.text.os_delay), (8 bytes).
    Removing task.o(.ARM.exidx.text.os_addCurrentTaskToDelayedList), (8 bytes).
    Removing task.o(.text.os_taskRemoveFromEventList), (216 bytes).
    Removing task.o(.ARM.exidx.text.os_taskRemoveFromEventList), (8 bytes).
    Removing task.o(.text.os_taskSetTimeOutState), (26 bytes).
    Removing task.o(.ARM.exidx.text.os_taskSetTimeOutState), (8 bytes).
    Removing task.o(.text.os_taskCheckForTimeOut), (86 bytes).
    Removing task.o(.ARM.exidx.text.os_taskCheckForTimeOut), (8 bytes).
    Removing task.o(.text.os_setTrigger), (14 bytes).
    Removing task.o(.ARM.exidx.text.os_setTrigger), (8 bytes).
    Removing task.o(.text.os_taskPlaceOnEventList), (144 bytes).
    Removing task.o(.ARM.exidx.text.os_taskPlaceOnEventList), (8 bytes).
    Removing mem.o(.text), (0 bytes).
    Removing mem.o(.ARM.exidx.text.os_malloc), (8 bytes).
    Removing mem.o(.ARM.exidx.text.os_free), (8 bytes).
    Removing mqueue.o(.text), (0 bytes).
    Removing mqueue.o(.text.mQueueReset), (96 bytes).
    Removing mqueue.o(.ARM.exidx.text.mQueueReset), (8 bytes).
    Removing mqueue.o(.text.mQueueCreate), (80 bytes).
    Removing mqueue.o(.ARM.exidx.text.mQueueCreate), (8 bytes).
    Removing mqueue.o(.text.mQueueSend), (336 bytes).
    Removing mqueue.o(.ARM.exidx.text.mQueueSend), (8 bytes).
    Removing mqueue.o(.text.UnlockQueue), (102 bytes).
    Removing mqueue.o(.ARM.exidx.text.UnlockQueue), (8 bytes).
    Removing mqueue.o(.text.xQueueGenericReceive), (356 bytes).
    Removing mqueue.o(.ARM.exidx.text.xQueueGenericReceive), (8 bytes).
    Removing mqueue.o(.text.mQueueDelete), (4 bytes).
    Removing mqueue.o(.ARM.exidx.text.mQueueDelete), (8 bytes).
    Removing main.o(.text), (0 bytes).
    Removing main.o(.text.GPIO_Init), (42 bytes).
    Removing main.o(.ARM.exidx.text.GPIO_Init), (8 bytes).
    Removing main.o(.text.GPIO_Toggle), (18 bytes).
    Removing main.o(.ARM.exidx.text.GPIO_Toggle), (8 bytes).
    Removing main.o(.ARM.exidx.text.Task1_Entry), (8 bytes).
    Removing main.o(.ARM.exidx.text.Task2_Entry), (8 bytes).
    Removing main.o(.ARM.exidx.text.main), (8 bytes).
    Removing main.o(.ARM.use_no_argv), (4 bytes).

76 unused section(s) (total 2306 bytes) removed from the image.

==============================================================================

Image Symbol Table

    Local Symbols

    Symbol Name                              Value     Ov Type        Size  Object(Section)

    ../clib/microlib/init/entry.s            0x00000000   Number         0  entry.o ABSOLUTE
    ../clib/microlib/init/entry.s            0x00000000   Number         0  entry2.o ABSOLUTE
    ../clib/microlib/init/entry.s            0x00000000   Number         0  entry5.o ABSOLUTE
    ../clib/microlib/init/entry.s            0x00000000   Number         0  entry7a.o ABSOLUTE
    ../clib/microlib/init/entry.s            0x00000000   Number         0  entry7b.o ABSOLUTE
    ../clib/microlib/init/entry.s            0x00000000   Number         0  entry8a.o ABSOLUTE
    ../clib/microlib/init/entry.s            0x00000000   Number         0  entry8b.o ABSOLUTE
    ../clib/microlib/init/entry.s            0x00000000   Number         0  entry9a.o ABSOLUTE
    ../clib/microlib/init/entry.s            0x00000000   Number         0  entry9b.o ABSOLUTE
    ../clib/microlib/init/entry.s            0x00000000   Number         0  entry10a.o ABSOLUTE
    ../clib/microlib/init/entry.s            0x00000000   Number         0  entry10b.o ABSOLUTE
    ../clib/microlib/init/entry.s            0x00000000   Number         0  entry11a.o ABSOLUTE
    ../clib/microlib/init/entry.s            0x00000000   Number         0  entry11b.o ABSOLUTE
    ../clib/microlib/string/memcpy.c         0x00000000   Number         0  memcpya.o ABSOLUTE
    ../clib/microlib/string/memcpy.c         0x00000000   Number         0  memcpyb.o ABSOLUTE
    ../cortex-m3/intr.s                      0x00000000   Number         0  intr.o ABSOLUTE
    ../cortex-m3/startup.s                   0x00000000   Number         0  startup.o ABSOLUTE
    dc.s                                     0x00000000   Number         0  dc.o ABSOLUTE
    handlers.s                               0x00000000   Number         0  handlers.o ABSOLUTE
    init.s                                   0x00000000   Number         0  init.o ABSOLUTE
    main.c                                   0x00000000   Number         0  main.o ABSOLUTE
    mem.c                                    0x00000000   Number         0  mem.o ABSOLUTE
    mqueue.c                                 0x00000000   Number         0  mqueue.o ABSOLUTE
    port.c                                   0x00000000   Number         0  port.o ABSOLUTE
    stm32f10_Init.c                          0x00000000   Number         0  stm32f10_init.o ABSOLUTE
    stm32f10_serial.c                        0x00000000   Number         0  stm32f10_serial.o ABSOLUTE
    systick.c                                0x00000000   Number         0  systick.o ABSOLUTE
    task.c                                   0x00000000   Number         0  task.o ABSOLUTE
    RESET                                    0x08000000   Section      236  startup.o(RESET)
    .ARM.Collect$$$$00000000                 0x080000ec   Section        0  entry.o(.ARM.Collect$$$$00000000)
    .ARM.Collect$$$$00000001                 0x080000ec   Section        4  entry2.o(.ARM.Collect$$$$00000001)
    .ARM.Collect$$$$00000004                 0x080000f0   Section        4  entry5.o(.ARM.Collect$$$$00000004)
    .ARM.Collect$$$$00000008                 0x080000f4   Section        0  entry7b.o(.ARM.Collect$$$$00000008)
    .ARM.Collect$$$$0000000A                 0x080000f4   Section        0  entry8b.o(.ARM.Collect$$$$0000000A)
    .ARM.Collect$$$$0000000B                 0x080000f4   Section        8  entry9a.o(.ARM.Collect$$$$0000000B)
    __lit__00000000                          0x080000fc   Data           4  entry2.o(.ARM.Collect$$$$00002712)
    .ARM.Collect$$$$0000000D                 0x080000fc   Section        0  entry10a.o(.ARM.Collect$$$$0000000D)
    .ARM.Collect$$$$0000000F                 0x080000fc   Section        0  entry11a.o(.ARM.Collect$$$$0000000F)
    .ARM.Collect$$$$00002712                 0x080000fc   Section        4  entry2.o(.ARM.Collect$$$$00002712)
    .text                                    0x08000100   Section       36  startup.o(.text)
    .text                                    0x08000124   Section      140  intr.o(.text)
    .text                                    0x080001b0   Section       36  init.o(.text)
    [Anonymous Symbol]                       0x080001d4   Section        0  port.o(.text.ClearBASEPRIFromISR)
    IdleTask                                 0x080001dd   Thumb Code     2  task.o(.text.IdleTask)
    [Anonymous Symbol]                       0x080001dc   Section        0  task.o(.text.IdleTask)
    [Anonymous Symbol]                       0x080001e0   Section        0  port.o(.text.RaiseBASEPRI)
    [Anonymous Symbol]                       0x080001f0   Section        0  systick.o(.text.SysTick_Handler)
    [Anonymous Symbol]                       0x08000214   Section        0  stm32f10_init.o(.text.SystemInit)
    [Anonymous Symbol]                       0x08000318   Section        0  main.o(.text.Task1_Entry)
    [Anonymous Symbol]                       0x08000334   Section        0  main.o(.text.Task2_Entry)
    TaskExitError                            0x0800033d   Thumb Code     2  port.o(.text.TaskExitError)
    [Anonymous Symbol]                       0x0800033c   Section        0  port.o(.text.TaskExitError)
    [Anonymous Symbol]                       0x08000340   Section        0  main.o(.text.main)
    os_addCurrentTaskToDelayedList           0x080003c9   Thumb Code   424  task.o(.text.os_addCurrentTaskToDelayedList)
    [Anonymous Symbol]                       0x080003c8   Section        0  task.o(.text.os_addCurrentTaskToDelayedList)
    [Anonymous Symbol]                       0x08000570   Section        0  task.o(.text.os_create_task)
    [Anonymous Symbol]                       0x080006b4   Section        0  task.o(.text.os_delay)
    [Anonymous Symbol]                       0x080006f0   Section        0  port.o(.text.os_enterCritical)
    [Anonymous Symbol]                       0x08000710   Section        0  port.o(.text.os_exitCritical)
    [Anonymous Symbol]                       0x0800072c   Section        0  mem.o(.text.os_free)
    [Anonymous Symbol]                       0x080007d0   Section        0  port.o(.text.os_initTaskStack)
    [Anonymous Symbol]                       0x080007f0   Section        0  mem.o(.text.os_malloc)
    [Anonymous Symbol]                       0x0800097c   Section        0  task.o(.text.os_resumeAllTask)
    [Anonymous Symbol]                       0x08000adc   Section        0  systick.o(.text.os_setupTimer)
    [Anonymous Symbol]                       0x08000af4   Section        0  port.o(.text.os_startScheduler)
    [Anonymous Symbol]                       0x08000b28   Section        0  task.o(.text.os_suspendAllTask)
    [Anonymous Symbol]                       0x08000b38   Section        0  task.o(.text.os_switchContext)
    [Anonymous Symbol]                       0x08000b88   Section        0  task.o(.text.os_taskIncrementTick)
    [Anonymous Symbol]                       0x08000cf8   Section        0  task.o(.text.os_taskStartScheduler)
    i.__scatterload_copy                     0x08000d60   Section       14  handlers.o(i.__scatterload_copy)
    i.__scatterload_null                     0x08000d6e   Section        2  handlers.o(i.__scatterload_null)
    i.__scatterload_zeroinit                 0x08000d70   Section       14  handlers.o(i.__scatterload_zeroinit)
    CriticalNesting                          0x20000000   Data           4  port.o(.data.CriticalNesting)
    [Anonymous Symbol]                       0x20000000   Section        0  port.o(.data.CriticalNesting)
    os_ptrDelayTaskList                      0x20000004   Data           4  task.o(.data.os_ptrDelayTaskList)
    [Anonymous Symbol]                       0x20000004   Section        0  task.o(.data.os_ptrDelayTaskList)
    os_ptrOverflowDelayTaskList              0x20000008   Data           4  task.o(.data.os_ptrOverflowDelayTaskList)
    [Anonymous Symbol]                       0x20000008   Section        0  task.o(.data.os_ptrOverflowDelayTaskList)
    IdleTaskHandle                           0x20000010   Data           4  task.o(.bss.IdleTaskHandle)
    [Anonymous Symbol]                       0x20000010   Section        0  task.o(.bss.IdleTaskHandle)
    b_BlockAllocatedBit                      0x2000001c   Data           1  mem.o(.bss.b_BlockAllocatedBit)
    [Anonymous Symbol]                       0x2000001c   Section        0  mem.o(.bss.b_BlockAllocatedBit)
    b_FreeBytesRemaining                     0x20000020   Data           4  mem.o(.bss.b_FreeBytesRemaining)
    [Anonymous Symbol]                       0x20000020   Section        0  mem.o(.bss.b_FreeBytesRemaining)
    b_MinimumEverFreeBytesRemaining          0x20000024   Data           4  mem.o(.bss.b_MinimumEverFreeBytesRemaining)
    [Anonymous Symbol]                       0x20000024   Section        0  mem.o(.bss.b_MinimumEverFreeBytesRemaining)
    b_end                                    0x20000028   Data           4  mem.o(.bss.b_end)
    [Anonymous Symbol]                       0x20000028   Section        0  mem.o(.bss.b_end)
    b_start                                  0x2000002c   Data           8  mem.o(.bss.b_start)
    [Anonymous Symbol]                       0x2000002c   Section        0  mem.o(.bss.b_start)
    os_currentNumberOfTasks                  0x20000034   Data           4  task.o(.bss.os_currentNumberOfTasks)
    [Anonymous Symbol]                       0x20000034   Section        0  task.o(.bss.os_currentNumberOfTasks)
    os_delayTaskList1                        0x2000003c   Data           4  task.o(.bss.os_delayTaskList1)
    [Anonymous Symbol]                       0x2000003c   Section        0  task.o(.bss.os_delayTaskList1)
    os_delayTaskList2                        0x20000040   Data           4  task.o(.bss.os_delayTaskList2)
    [Anonymous Symbol]                       0x20000040   Section        0  task.o(.bss.os_delayTaskList2)
    os_mem                                   0x20000044   Data        5120  mem.o(.bss.os_mem)
    [Anonymous Symbol]                       0x20000044   Section        0  mem.o(.bss.os_mem)
    os_nextTaskUnblockTime                   0x20001444   Data           4  task.o(.bss.os_nextTaskUnblockTime)
    [Anonymous Symbol]                       0x20001444   Section        0  task.o(.bss.os_nextTaskUnblockTime)
    os_numOfOverflows                        0x20001448   Data           4  task.o(.bss.os_numOfOverflows)
    [Anonymous Symbol]                       0x20001448   Section        0  task.o(.bss.os_numOfOverflows)
    os_pendedTicks                           0x2000144c   Data           4  task.o(.bss.os_pendedTicks)
    [Anonymous Symbol]                       0x2000144c   Section        0  task.o(.bss.os_pendedTicks)
    os_pendingReadyList                      0x20001450   Data           4  task.o(.bss.os_pendingReadyList)
    [Anonymous Symbol]                       0x20001450   Section        0  task.o(.bss.os_pendingReadyList)
    os_priorityBitmap                        0x20001454   Data           4  task.o(.bss.os_priorityBitmap)
    [Anonymous Symbol]                       0x20001454   Section        0  task.o(.bss.os_priorityBitmap)
    os_schedulerRunning                      0x2000146c   Data           1  task.o(.bss.os_schedulerRunning)
    [Anonymous Symbol]                       0x2000146c   Section        0  task.o(.bss.os_schedulerRunning)
    os_schedulerSuspended                    0x20001470   Data           4  task.o(.bss.os_schedulerSuspended)
    [Anonymous Symbol]                       0x20001470   Section        0  task.o(.bss.os_schedulerSuspended)
    os_suspendedTaskList                     0x20001474   Data           4  task.o(.bss.os_suspendedTaskList)
    [Anonymous Symbol]                       0x20001474   Section        0  task.o(.bss.os_suspendedTaskList)
    os_tickCount                             0x20001478   Data           4  task.o(.bss.os_tickCount)
    [Anonymous Symbol]                       0x20001478   Section        0  task.o(.bss.os_tickCount)
    os_yieldPending                          0x2000147c   Data           4  task.o(.bss.os_yieldPending)
    [Anonymous Symbol]                       0x2000147c   Section        0  task.o(.bss.os_yieldPending)
    STACK                                    0x20001480   Section     1024  startup.o(STACK)

    Global Symbols

    Symbol Name                              Value     Ov Type        Size  Object(Section)

    BuildAttributes$$THM_ISAv4$P$D$K$B$S$PE$A:L22UL41UL21$X:L11$S22US41US21$IEEE1$IW$~IW$USESV6$~STKCKD$USESV7$~SHL$OTIME$EBA8$MICROLIB$REQ8$PRES8$EABIv2 0x00000000   Number         0  anon$$obj.o ABSOLUTE
    __cpp_initialize__aeabi_                  - Undefined Weak Reference
    __cxa_finalize                            - Undefined Weak Reference
    __decompress                              - Undefined Weak Reference
    _clock_init                               - Undefined Weak Reference
    _microlib_exit                            - Undefined Weak Reference
    __Vectors_Size                           0x000000ec   Number         0  startup.o ABSOLUTE
    __Vectors                                0x08000000   Data           4  startup.o(RESET)
    __Vectors_End                            0x080000ec   Data           0  startup.o(RESET)
    __main                                   0x080000ed   Thumb Code     0  entry.o(.ARM.Collect$$$$00000000)
    _main_stk                                0x080000ed   Thumb Code     0  entry2.o(.ARM.Collect$$$$00000001)
    _main_scatterload                        0x080000f1   Thumb Code     0  entry5.o(.ARM.Collect$$$$00000004)
    __main_after_scatterload                 0x080000f5   Thumb Code     0  entry5.o(.ARM.Collect$$$$00000004)
    _main_clock                              0x080000f5   Thumb Code     0  entry7b.o(.ARM.Collect$$$$00000008)
    _main_cpp_init                           0x080000f5   Thumb Code     0  entry8b.o(.ARM.Collect$$$$0000000A)
    _main_init                               0x080000f5   Thumb Code     0  entry9a.o(.ARM.Collect$$$$0000000B)
    __rt_final_cpp                           0x080000fd   Thumb Code     0  entry10a.o(.ARM.Collect$$$$0000000D)
    __rt_final_exit                          0x080000fd   Thumb Code     0  entry11a.o(.ARM.Collect$$$$0000000F)
    Reset_Handler                            0x08000101   Thumb Code     8  startup.o(.text)
    NMI_Handler                              0x08000109   Thumb Code     2  startup.o(.text)
    HardFault_Handler                        0x0800010b   Thumb Code     2  startup.o(.text)
    MemManage_Handler                        0x0800010d   Thumb Code     2  startup.o(.text)
    BusFault_Handler                         0x0800010f   Thumb Code     2  startup.o(.text)
    UsageFault_Handler                       0x08000111   Thumb Code     2  startup.o(.text)
    DebugMon_Handler                         0x08000115   Thumb Code     2  startup.o(.text)
    ADC1_2_IRQHandler                        0x0800011b   Thumb Code     0  startup.o(.text)
    CAN1_RX1_IRQHandler                      0x0800011b   Thumb Code     0  startup.o(.text)
    CAN1_SCE_IRQHandler                      0x0800011b   Thumb Code     0  startup.o(.text)
    DMA1_Channel1_IRQHandler                 0x0800011b   Thumb Code     0  startup.o(.text)
    DMA1_Channel2_IRQHandler                 0x0800011b   Thumb Code     0  startup.o(.text)
    DMA1_Channel3_IRQHandler                 0x0800011b   Thumb Code     0  startup.o(.text)
    DMA1_Channel4_IRQHandler                 0x0800011b   Thumb Code     0  startup.o(.text)
    DMA1_Channel5_IRQHandler                 0x0800011b   Thumb Code     0  startup.o(.text)
    DMA1_Channel6_IRQHandler                 0x0800011b   Thumb Code     0  startup.o(.text)
    DMA1_Channel7_IRQHandler                 0x0800011b   Thumb Code     0  startup.o(.text)
    EXTI0_IRQHandler                         0x0800011b   Thumb Code     0  startup.o(.text)
    EXTI15_10_IRQHandler                     0x0800011b   Thumb Code     0  startup.o(.text)
    EXTI1_IRQHandler                         0x0800011b   Thumb Code     0  startup.o(.text)
    EXTI2_IRQHandler                         0x0800011b   Thumb Code     0  startup.o(.text)
    EXTI3_IRQHandler                         0x0800011b   Thumb Code     0  startup.o(.text)
    EXTI4_IRQHandler                         0x0800011b   Thumb Code     0  startup.o(.text)
    EXTI9_5_IRQHandler                       0x0800011b   Thumb Code     0  startup.o(.text)
    FLASH_IRQHandler                         0x0800011b   Thumb Code     0  startup.o(.text)
    I2C1_ER_IRQHandler                       0x0800011b   Thumb Code     0  startup.o(.text)
    I2C1_EV_IRQHandler                       0x0800011b   Thumb Code     0  startup.o(.text)
    I2C2_ER_IRQHandler                       0x0800011b   Thumb Code     0  startup.o(.text)
    I2C2_EV_IRQHandler                       0x0800011b   Thumb Code     0  startup.o(.text)
    PVD_IRQHandler                           0x0800011b   Thumb Code     0  startup.o(.text)
    RCC_IRQHandler                           0x0800011b   Thumb Code     0  startup.o(.text)
    RTCAlarm_IRQHandler                      0x0800011b   Thumb Code     0  startup.o(.text)
    RTC_IRQHandler                           0x0800011b   Thumb Code     0  startup.o(.text)
    SPI1_IRQHandler                          0x0800011b   Thumb Code     0  startup.o(.text)
    SPI2_IRQHandler                          0x0800011b   Thumb Code     0  startup.o(.text)
    TAMPER_IRQHandler                        0x0800011b   Thumb Code     0  startup.o(.text)
    TIM1_BRK_IRQHandler                      0x0800011b   Thumb Code     0  startup.o(.text)
    TIM1_CC_IRQHandler                       0x0800011b   Thumb Code     0  startup.o(.text)
    TIM1_TRG_COM_IRQHandler                  0x0800011b   Thumb Code     0  startup.o(.text)
    TIM1_UP_IRQHandler                       0x0800011b   Thumb Code     0  startup.o(.text)
    TIM2_IRQHandler                          0x0800011b   Thumb Code     0  startup.o(.text)
    TIM3_IRQHandler                          0x0800011b   Thumb Code     0  startup.o(.text)
    TIM4_IRQHandler                          0x0800011b   Thumb Code     0  startup.o(.text)
    USART1_IRQHandler                        0x0800011b   Thumb Code     0  startup.o(.text)
    USART2_IRQHandler                        0x0800011b   Thumb Code     0  startup.o(.text)
    USART3_IRQHandler                        0x0800011b   Thumb Code     0  startup.o(.text)
    USBWakeUp_IRQHandler                     0x0800011b   Thumb Code     0  startup.o(.text)
    USB_HP_CAN1_TX_IRQHandler                0x0800011b   Thumb Code     0  startup.o(.text)
    USB_LP_CAN1_RX0_IRQHandler               0x0800011b   Thumb Code     0  startup.o(.text)
    WWDG_IRQHandler                          0x0800011b   Thumb Code     0  startup.o(.text)
    Start_OS                                 0x08000125   Thumb Code    28  intr.o(.text)
    SVC_Handler                              0x08000141   Thumb Code    32  intr.o(.text)
    PendSV_Handler                           0x08000161   Thumb Code    72  intr.o(.text)
    __scatterload                            0x080001b1   Thumb Code    28  init.o(.text)
    __scatterload_rt2                        0x080001b1   Thumb Code     0  init.o(.text)
    ClearBASEPRIFromISR                      0x080001d5   Thumb Code     8  port.o(.text.ClearBASEPRIFromISR)
    RaiseBASEPRI                             0x080001e1   Thumb Code    16  port.o(.text.RaiseBASEPRI)
    SysTick_Handler                          0x080001f1   Thumb Code    34  systick.o(.text.SysTick_Handler)
    SystemInit                               0x08000215   Thumb Code   258  stm32f10_init.o(.text.SystemInit)
    Task1_Entry                              0x08000319   Thumb Code    26  main.o(.text.Task1_Entry)
    Task2_Entry                              0x08000335   Thumb Code     8  main.o(.text.Task2_Entry)
    main                                     0x08000341   Thumb Code   120  main.o(.text.main)
    os_create_task                           0x08000571   Thumb Code   322  task.o(.text.os_create_task)
    os_delay                                 0x080006b5   Thumb Code    58  task.o(.text.os_delay)
    os_enterCritical                         0x080006f1   Thumb Code    30  port.o(.text.os_enterCritical)
    os_exitCritical                          0x08000711   Thumb Code    26  port.o(.text.os_exitCritical)
    os_free                                  0x0800072d   Thumb Code   162  mem.o(.text.os_free)
    os_initTaskStack                         0x080007d1   Thumb Code    32  port.o(.text.os_initTaskStack)
    os_malloc                                0x080007f1   Thumb Code   396  mem.o(.text.os_malloc)
    os_resumeAllTask                         0x0800097d   Thumb Code   352  task.o(.text.os_resumeAllTask)
    os_setupTimer                            0x08000add   Thumb Code    24  systick.o(.text.os_setupTimer)
    os_startScheduler                        0x08000af5   Thumb Code    50  port.o(.text.os_startScheduler)
    os_suspendAllTask                        0x08000b29   Thumb Code    16  task.o(.text.os_suspendAllTask)
    os_switchContext                         0x08000b39   Thumb Code    80  task.o(.text.os_switchContext)
    os_taskIncrementTick                     0x08000b89   Thumb Code   368  task.o(.text.os_taskIncrementTick)
    os_taskStartScheduler                    0x08000cf9   Thumb Code    96  task.o(.text.os_taskStartScheduler)
    __scatterload_copy                       0x08000d61   Thumb Code    14  handlers.o(i.__scatterload_copy)
    __scatterload_null                       0x08000d6f   Thumb Code     2  handlers.o(i.__scatterload_null)
    __scatterload_zeroinit                   0x08000d71   Thumb Code    14  handlers.o(i.__scatterload_zeroinit)
    Region$$Table$$Base                      0x08000d80   Number         0  anon$$obj.o(Region$$Table)
    Region$$Table$$Limit                     0x08000da0   Number         0  anon$$obj.o(Region$$Table)
    Task1_Handle                             0x20000014   Data           4  main.o(.bss.Task1_Handle)
    Task2_Handle                             0x20000018   Data           4  main.o(.bss.Task2_Handle)
    os_currentTCB                            0x20000038   Data           4  task.o(.bss.os_currentTCB)
    os_readyTasksLists                       0x20001458   Data          20  task.o(.bss.os_readyTasksLists)
    __initial_sp                             0x20001880   Data           0  startup.o(STACK)



==============================================================================

Memory Map of the image

  Image Entry point : 0x080000ed

  Load Region LR_IROM1 (Base: 0x08000000, Size: 0x00000db0, Max: 0x00010000, ABSOLUTE)

    Execution Region ER_IROM1 (Exec base: 0x08000000, Load base: 0x08000000, Size: 0x00000da0, Max: 0x00010000, ABSOLUTE)

    Exec Addr    Load Addr    Size         Type   Attr      Idx    E Section Name        Object

    0x08000000   0x08000000   0x000000ec   Data   RO           60    RESET               startup.o
    0x080000ec   0x080000ec   0x00000000   Code   RO          191  * .ARM.Collect$$$$00000000  mc_w.l(entry.o)
    0x080000ec   0x080000ec   0x00000004   Code   RO          198    .ARM.Collect$$$$00000001  mc_w.l(entry2.o)
    0x080000f0   0x080000f0   0x00000004   Code   RO          201    .ARM.Collect$$$$00000004  mc_w.l(entry5.o)
    0x080000f4   0x080000f4   0x00000000   Code   RO          203    .ARM.Collect$$$$00000008  mc_w.l(entry7b.o)
    0x080000f4   0x080000f4   0x00000000   Code   RO          205    .ARM.Collect$$$$0000000A  mc_w.l(entry8b.o)
    0x080000f4   0x080000f4   0x00000008   Code   RO          206    .ARM.Collect$$$$0000000B  mc_w.l(entry9a.o)
    0x080000fc   0x080000fc   0x00000000   Code   RO          208    .ARM.Collect$$$$0000000D  mc_w.l(entry10a.o)
    0x080000fc   0x080000fc   0x00000000   Code   RO          210    .ARM.Collect$$$$0000000F  mc_w.l(entry11a.o)
    0x080000fc   0x080000fc   0x00000004   Code   RO          199    .ARM.Collect$$$$00002712  mc_w.l(entry2.o)
    0x08000100   0x08000100   0x00000024   Code   RO           61    .text               startup.o
    0x08000124   0x08000124   0x0000008c   Code   RO           67    .text               intr.o
    0x080001b0   0x080001b0   0x00000024   Code   RO          212    .text               mc_w.l(init.o)
    0x080001d4   0x080001d4   0x00000008   Code   RO           12    .text.ClearBASEPRIFromISR  port.o
    0x080001dc   0x080001dc   0x00000002   Code   RO           84    .text.IdleTask      task.o
    0x080001de   0x080001de   0x00000002   PAD
    0x080001e0   0x080001e0   0x00000010   Code   RO           10    .text.RaiseBASEPRI  port.o
    0x080001f0   0x080001f0   0x00000022   Code   RO           31    .text.SysTick_Handler  systick.o
    0x08000212   0x08000212   0x00000002   PAD
    0x08000214   0x08000214   0x00000102   Code   RO           40    .text.SystemInit    stm32f10_init.o
    0x08000316   0x08000316   0x00000002   PAD
    0x08000318   0x08000318   0x0000001a   Code   RO          176    .text.Task1_Entry   main.o
    0x08000332   0x08000332   0x00000002   PAD
    0x08000334   0x08000334   0x00000008   Code   RO          178    .text.Task2_Entry   main.o
    0x0800033c   0x0800033c   0x00000002   Code   RO            4    .text.TaskExitError  port.o
    0x0800033e   0x0800033e   0x00000002   PAD
    0x08000340   0x08000340   0x00000088   Code   RO          180    .text.main          main.o
    0x080003c8   0x080003c8   0x000001a8   Code   RO           96    .text.os_addCurrentTaskToDelayedList  task.o
    0x08000570   0x08000570   0x00000142   Code   RO           72    .text.os_create_task  task.o
    0x080006b2   0x080006b2   0x00000002   PAD
    0x080006b4   0x080006b4   0x0000003a   Code   RO           94    .text.os_delay      task.o
    0x080006ee   0x080006ee   0x00000002   PAD
    0x080006f0   0x080006f0   0x0000001e   Code   RO           16    .text.os_enterCritical  port.o
    0x0800070e   0x0800070e   0x00000002   PAD
    0x08000710   0x08000710   0x0000001a   Code   RO           18    .text.os_exitCritical  port.o
    0x0800072a   0x0800072a   0x00000002   PAD
    0x0800072c   0x0800072c   0x000000a2   Code   RO          136    .text.os_free       mem.o
    0x080007ce   0x080007ce   0x00000002   PAD
    0x080007d0   0x080007d0   0x00000020   Code   RO            2    .text.os_initTaskStack  port.o
    0x080007f0   0x080007f0   0x0000018c   Code   RO          134    .text.os_malloc     mem.o
    0x0800097c   0x0800097c   0x00000160   Code   RO           92    .text.os_resumeAllTask  task.o
    0x08000adc   0x08000adc   0x00000018   Code   RO           29    .text.os_setupTimer  systick.o
    0x08000af4   0x08000af4   0x00000032   Code   RO            6    .text.os_startScheduler  port.o
    0x08000b26   0x08000b26   0x00000002   PAD
    0x08000b28   0x08000b28   0x00000010   Code   RO           90    .text.os_suspendAllTask  task.o
    0x08000b38   0x08000b38   0x00000050   Code   RO           88    .text.os_switchContext  task.o
    0x08000b88   0x08000b88   0x00000170   Code   RO           86    .text.os_taskIncrementTick  task.o
    0x08000cf8   0x08000cf8   0x00000068   Code   RO           82    .text.os_taskStartScheduler  task.o
    0x08000d60   0x08000d60   0x0000000e   Code   RO          216    i.__scatterload_copy  mc_w.l(handlers.o)
    0x08000d6e   0x08000d6e   0x00000002   Code   RO          217    i.__scatterload_null  mc_w.l(handlers.o)
    0x08000d70   0x08000d70   0x0000000e   Code   RO          218    i.__scatterload_zeroinit  mc_w.l(handlers.o)
    0x08000d7e   0x08000d7e   0x00000002   PAD
    0x08000d80   0x08000d80   0x00000020   Data   RO          215    Region$$Table       anon$$obj.o


    Execution Region RW_IRAM1 (Exec base: 0x20000000, Load base: 0x08000da0, Size: 0x00001880, Max: 0x00005000, ABSOLUTE)

    Exec Addr    Load Addr    Size         Type   Attr      Idx    E Section Name        Object

    0x20000000   0x08000da0   0x00000004   Data   RW           20    .data.CriticalNesting  port.o
    0x20000004   0x08000da4   0x00000004   Data   RW          116    .data.os_ptrDelayTaskList  task.o
    0x20000008   0x08000da8   0x00000004   Data   RW          117    .data.os_ptrOverflowDelayTaskList  task.o
    0x2000000c   0x08000dac   0x00000004   PAD
    0x20000010        -       0x00000004   Zero   RW          111    .bss.IdleTaskHandle  task.o
    0x20000014        -       0x00000004   Zero   RW          182    .bss.Task1_Handle   main.o
    0x20000018        -       0x00000004   Zero   RW          183    .bss.Task2_Handle   main.o
    0x2000001c        -       0x00000001   Zero   RW          139    .bss.b_BlockAllocatedBit  mem.o
    0x2000001d   0x08000dac   0x00000003   PAD
    0x20000020        -       0x00000004   Zero   RW          140    .bss.b_FreeBytesRemaining  mem.o
    0x20000024        -       0x00000004   Zero   RW          142    .bss.b_MinimumEverFreeBytesRemaining  mem.o
    0x20000028        -       0x00000004   Zero   RW          138    .bss.b_end          mem.o
    0x2000002c        -       0x00000008   Zero   RW          141    .bss.b_start        mem.o
    0x20000034        -       0x00000004   Zero   RW          121    .bss.os_currentNumberOfTasks  task.o
    0x20000038        -       0x00000004   Zero   RW          109    .bss.os_currentTCB  task.o
    0x2000003c        -       0x00000004   Zero   RW          123    .bss.os_delayTaskList1  task.o
    0x20000040        -       0x00000004   Zero   RW          124    .bss.os_delayTaskList2  task.o
    0x20000044        -       0x00001400   Zero   RW          143    .bss.os_mem         mem.o
    0x20001444        -       0x00000004   Zero   RW          112    .bss.os_nextTaskUnblockTime  task.o
    0x20001448        -       0x00000004   Zero   RW          118    .bss.os_numOfOverflows  task.o
    0x2000144c        -       0x00000004   Zero   RW          119    .bss.os_pendedTicks  task.o
    0x20001450        -       0x00000004   Zero   RW          122    .bss.os_pendingReadyList  task.o
    0x20001454        -       0x00000004   Zero   RW          110    .bss.os_priorityBitmap  task.o
    0x20001458        -       0x00000014   Zero   RW          108    .bss.os_readyTasksLists  task.o
    0x2000146c        -       0x00000001   Zero   RW          113    .bss.os_schedulerRunning  task.o
    0x2000146d   0x08000dac   0x00000003   PAD
    0x20001470        -       0x00000004   Zero   RW          115    .bss.os_schedulerSuspended  task.o
    0x20001474        -       0x00000004   Zero   RW          125    .bss.os_suspendedTaskList  task.o
    0x20001478        -       0x00000004   Zero   RW          114    .bss.os_tickCount   task.o
    0x2000147c        -       0x00000004   Zero   RW          120    .bss.os_yieldPending  task.o
    0x20001480        -       0x00000400   Zero   RW           58    STACK               startup.o


==============================================================================

Image component sizes


      Code (inc. data)   RO Data    RW Data    ZI Data      Debug   Object Name

       140          8          0          0          0        412   intr.o
       170         16          0          0          8       1781   main.o
       558          0          0          0       5141       3139   mem.o
       164          0          0          4          0       1950   port.o
        36          8        236          0       1024        764   startup.o
       258          0          0          0          0       1269   stm32f10_init.o
        58          0          0          0          0        569   systick.o
      1726          8          0          8         77      12226   task.o

    ----------------------------------------------------------------------
      3132         40        268         12       6260      22110   Object Totals
         0          0         32          0          0          0   (incl. Generated)
        22          0          0          0         10          0   (incl. Padding)

    ----------------------------------------------------------------------

      Code (inc. data)   RO Data    RW Data    ZI Data      Debug   Library Member Name

         0          0          0          0          0          0   entry.o
         0          0          0          0          0          0   entry10a.o
         0          0          0          0          0          0   entry11a.o
         8          4          0          0          0          0   entry2.o
         4          0          0          0          0          0   entry5.o
         0          0          0          0          0          0   entry7b.o
         0          0          0          0          0          0   entry8b.o
         8          4          0          0          0          0   entry9a.o
        30          0          0          0          0          0   handlers.o
        36          8          0          0          0         68   init.o

    ----------------------------------------------------------------------
        88         16          0          0          0         68   Library Totals
         2          0          0          0          0          0   (incl. Padding)

    ----------------------------------------------------------------------

      Code (inc. data)   RO Data    RW Data    ZI Data      Debug   Library Name

        86         16          0          0          0         68   mc_w.l

    ----------------------------------------------------------------------
        88         16          0          0          0         68   Library Totals

    ----------------------------------------------------------------------

==============================================================================


      Code (inc. data)   RO Data    RW Data    ZI Data      Debug   

      3220         56        268         12       6260      22178   Grand Totals
      3220         56        268         12       6260      22178   ELF Image Totals
      3220         56        268         12          0          0   ROM Totals

==============================================================================

    Total RO  Size (Code + RO Data)                 3488 (   3.41kB)
    Total RW  Size (RW Data + ZI Data)              6272 (   6.12kB)
    Total ROM Size (Code + RO Data + RW Data)       3500 (   3.42kB)

==============================================================================

