<html>
<body>
<pre>
<h1>µVision Build Log</h1>
<h2>Tool Versions:</h2>
IDE-Version: ¦ÌVision V5.38.0.0
Copyright (C) 2022 ARM Ltd and ARM Germany GmbH. All rights reserved.
License Information: xiang liang, cdsc, LIC=UJWP0-B5613-QDDKD-8LZTD-NE0B4-EXHSP
 
Tool Versions:
Toolchain:       MDK-ARM Plus  Version: 5.38.0.0
Toolchain Path:  D:\Keil5\Keil_MDK538a\ARM\ARMCLANG\Bin
C Compiler:      ArmClang.exe V6.19
Assembler:       Armasm.exe V6.19
Linker/Locator:  ArmLink.exe V6.19
Library Manager: ArmAr.exe V6.19
Hex Converter:   FromElf.exe V6.19
CPU DLL:         SARMCM3.DLL V5.38.0.0
Dialog DLL:      DCM.DLL V1.17.5.0
Target DLL:      STLink\ST-LINKIII-KEIL_SWO.dll V3.1.0.0
Dialog DLL:      TCM.DLL V1.56.4.0
 
<h2>Project:</h2>
E:\os_cook\keil_project\os.uvprojx
Project File Date:  07/18/2025

<h2>Output:</h2>
*** Using Compiler 'V6.19', folder: 'D:\Keil5\Keil_MDK538a\ARM\ARMCLANG\Bin'
Rebuild target 'kernel'
compiling systick.c...
compiling stm32f10_serial.c...
compiling stm32f10_Init.c...
compiling port.c...
compiling task.c...
compiling mem.c...
assembling intr.s...
assembling startup.s...
../ipc.c(2): warning: In file included from...
E:/os_cook/mqueue.h(4): warning: In file included from...
E:/os_cook/type.h(4): warning: 'NULL' macro redefined [-Wmacro-redefined]
#define NULL    ((void *)0)
        ^
D:\Keil5\Keil_MDK538a\ARM\ARMCLANG\Bin\..\include\string.h(56): note: previous definition is here
#define NULL 0                   /* see <stddef.h> */
        ^
1 warning generated.
compiling ipc.c...
compiling main.c...
linking...
Program Size: Code=3224 RO-data=268 RW-data=12 ZI-data=6260  
".\Objects\os.axf" - 0 Error(s), 1 Warning(s).

<h2>Software Packages used:</h2>

Package Vendor: Keil
                http://www.keil.com/pack/Keil.STM32F1xx_DFP.2.4.0.pack
                Keil.STM32F1xx_DFP.2.4.0
                STMicroelectronics STM32F1 Series Device Support, Drivers and Examples

<h2>Collection of Component include folders:</h2>
  D:/Keil5/Keil_MDK538a/pack/Keil/STM32F1xx_DFP/2.4.0/Device/Include

<h2>Collection of Component Files used:</h2>
Build Time Elapsed:  00:00:04
</pre>
</body>
</html>
